≡ƒº¬ TESTING EVALUATION WITH PROPER TEST CASES

============================================================

≡ƒô¥ Test Question: Reverse Array
Code: function solution(arr) { return arr.reverse(); }
Test Cases: 4

≡ƒöä Submitting for evaluation...

============================================================
≡ƒôè EVALUATION RESULTS:

Score: 0%
Tests Passed: 0/4

Feedback: Your solution doesn't pass any test cases. Please review the problem and try a different approach.

≡ƒôï Detailed Test Results:

Test 1: Γ¥î FAIL
  Input: [1,2,3]
  Expected: [3,2,1]
  Actual: Error: No function found in code

Test 2: Γ¥î FAIL
  Input: [5,4,3,2,1]
  Expected: [1,2,3,4,5]
  Actual: Error: No function found in code

Test 3: Γ¥î FAIL
  Input: [10]
  Expected: [10]
  Actual: Error: No function found in code

Test 4: Γ¥î FAIL
  Input: []
  Expected: []
  Actual: Error: No function found in code

============================================================

ΓÜá∩╕Å Unexpected result - should be 100%
